Phase 4 BitNet upgrade script executed